// Jest Snapshot v1, https://goo.gl/fbAQLP

exports[`Menu 1`] = `
<div>
  <div
    class="makeStyles-container-1"
  >
    <p
      class="MuiTypography-root makeStyles-blueTitle-2 MuiTypography-body1"
    >
      Settings :
    </p>
    <div
      class="makeStyles-options-3"
    >
      <button
        class="makeStyles-container-4"
        type="button"
      >
        <div
          class="makeStyles-containerVerticalLine-6"
        >
          <div
            class="makeStyles-verticalLineFocused-8 makeStyles-verticalLine-7"
          />
        </div>
        <div
          class="makeStyles-containerTile-10"
        >
          <p
            class="MuiTypography-root makeStyles-greyOptions-5 MuiTypography-body1"
          >
            Profile
          </p>
        </div>
      </button>
      <button
        class="makeStyles-container-4"
        type="button"
      >
        <div
          class="makeStyles-containerVerticalLine-6"
        >
          <div
            class="makeStyles-verticalLineBlur-9 makeStyles-verticalLine-7"
          />
        </div>
        <div
          class="makeStyles-containerTile-10"
        >
          <p
            class="MuiTypography-root makeStyles-greyOptions-5 MuiTypography-body1"
          >
            Security
          </p>
        </div>
      </button>
    </div>
  </div>
</div>
`;
