// Jest Snapshot v1, https://goo.gl/fbAQLP

exports[`Back Button 1`] = `
<div>
  <div
    class="makeStyles-container-1"
  >
    <button
      class="makeStyles-containerContent-2"
      type="button"
    >
      <img
        alt="back"
        class="makeStyles-backSVG-3"
        src="/assets/back.svg"
      />
      <p
        class="MuiTypography-root MuiTypography-body1"
      >
        titre
      </p>
    </button>
    <div
      class="makeStyles-horizonLine-4"
    />
  </div>
</div>
`;
