// Jest Snapshot v1, https://goo.gl/fbAQLP

exports[`ButtonLink 1`] = `
<div>
  <a
    aria-disabled="false"
    class="MuiButtonBase-root MuiButton-root MuiButton-text makeStyles-default-1 makeStyles-primary-2 makeStyles-primary-6 MuiButton-disableElevation"
    href="https://c3pm.io/"
    tabindex="0"
  >
    <span
      class="MuiButton-label"
    >
      Toto
    </span>
    <span
      class="MuiTouchRipple-root"
    />
  </a>
</div>
`;
