// Jest Snapshot v1, https://goo.gl/fbAQLP

exports[`Onglet 1`] = `
<div>
  <button
    class="makeStyles-container-1"
    type="button"
  >
    <div
      class="makeStyles-containerVerticalLine-3"
    >
      <div
        class="makeStyles-verticalLineFocused-5 makeStyles-verticalLine-4"
      />
    </div>
    <div
      class="makeStyles-containerTile-7"
    >
      <p
        class="MuiTypography-root makeStyles-greyOptions-2 MuiTypography-body1"
      >
        Profile
      </p>
    </div>
  </button>
</div>
`;
